Será requisito, al tiempo RT@Lentejitas: A must for every XXI manager: speak Twitter fluently.
@uriondo ostras... me pasa lo mismo!
@Godivaciones ...Con walt Disney ;-)
@jmguardia :-D
Toma ya! RT@charlesjkenny: 70% of boys among the top 1% in income have worked for daddy&#39;s company http://www.businessweek.com/articles/2013-04-22/how-did-the-worlds-rich-get-that-way-luck&nbsp;… via @BW
Pues reir, claro :-S RT@juanma_lz: Reír o llorar RT @Le_Figaro: L&#39;Espagne réduit de deux ans sa cure d&#39;austérité http://bit.ly/12vbfBf&nbsp;
Románticos :-P RT@carlosdomingo: Using Google Nexus made me realize that Google+ still exists and some people actually seem to be using it
Mal d muchos..RT@juanma_lz:No sólo ocurre aquí RT @Independent_ie Huge cost of our&#39;lost generation&#39;forced to emigratehttp://tinyurl.com/cffqdnn&nbsp;
RT@albertcuesta:Resumiendo #io13:Google como Siri;Maps como Foursquare;PlayMusic como Nokia Music;Google+ como Pinterest;Hangouts como Skype
Jope, menos mal que se recuperaba... :-P RT@mariadelamiel: OLA NIKKEI K ASE, T KAES O K ASE
Yo pensaba que éramos nosotros, vaya! RT@evaeuropa: Germany is the most popular country in the world [BBC Poll]http://www.bbc.co.uk/news/world-europe-22624104&nbsp;…
qué pasote RT@SciencePorn: If Jupiter was as close to earth as the moon is,this is how it would look like pic.twitter.com/nCZQz3QS0y @miquelroig
flipante el artículo RT@Bill_Gross: Kodak employed 140,000 people. Instagram (when it sold to Facebook) only 13 http://bit.ly/186IPm3&nbsp;
RT@TonyW: Congratulations to Twitter&#39;s Team Espana in their 1st day in the Madrid office #ChicasAlPoder pic.twitter.com/7Vp0MhMg7Q via @Suanzes
RT@Bill_Gross: &quot;Twitter is the second screen for TV. TV is more fun with Twitter, so we are investing heavily in that.&quot; Dick Costolo at #D11
El valor de Twitter | http://ti.me/18wrmBh&nbsp; | Time
@jmguardia alaaaaaaaa, &quot;sagerao&quot; :-p
Pasote RT@hofrench: Chinese company to build new London financial district:http://ow.ly/lwHW0&nbsp;
RT@New_Europe: European entrepreneurs ask for net neutrality http://bit.ly/17VL2Bx&nbsp;
Très chouette RT@juanma_lz: ministra cultura francesa ataca d nuevo a Amazon. &quot;Ya no es modelo de negocio&quot;.Visionaria http://bit.ly/15I8myt&nbsp;
:-O RT@SciencePorn: Crazy world pic.twitter.com/8S1Dit3VOv via @miquelroig
No será x los disgustos q nos llevamos, no RT@MendiMendi1: Spain is officially healthiest country to live in Europehttp://shar.es/wlU6X&nbsp;
RT@inma_martinez: Countries seek entrepreneurs from Silicon Valley, via @nytimeshttp://nyti.ms/ZPJ8Pr&nbsp;
RT@nickbilton: “If you want to keep a secret, you must also hide it from yourself.” ― George Orwell, 1984
Sólo América? :-( RT@jmguardia: Is America 2013 More Like Orwell&#39;s &quot;1984,&quot; or Huxley&#39;s &quot;Brave New World?&quot; http://ow.ly/i/2k0xR&nbsp;
RT@FGoria: The best LOL ever about Prism (via @gianlucatdc) pic.twitter.com/3CfZOjaiiN via @jmguardia
RT@ejoana: Un buen Resumen de #InspirationDay en 20 tweets http://ow.ly/m24Ze&nbsp; by @Unience
RT@CabreraAngel Why I think Spain should open its doors to foreign talent because of its unemployment http://president.gmu.edu/2013/06/innovation-and-entrepreneurship-in-spain-yo-creo-en-un-mundo-mejor&nbsp;… @vicentelozano
@juanma_lz :-D
RT@Forbes: Tweet becomes an official word in the latest Oxford English Dictionary updatehttp://bit.ly/19htexV&nbsp;
Mmmmm RT@vicentelozano: Las 10 ‘burger’ imprescindibles  http://www.gastroeconomy.com/2011/10/la-lista-de-las-10-%e2%80%98burger%e2%80%99-imprescindibles/&nbsp;… @gastroeconomy Por si interesa
Silicon Valley venture capital firms say they welcome more women--if only they could find some http://bit.ly/19rQObk&nbsp; | Forbes
@_Peich buenaaaaaaaas!
@_Peich ;-)
Mola! RT@Bill_Gross: This is super cool. On 1 map, you can see ALL the planes in the air RIGHT now, in real timehttp://j.mp/14J7pGy&nbsp;
@NachodePinedo enhorabuena, Nacho!
:-) RT@BloombergNews: Nestle to start program to help find jobs, traineeships for 20,000 young people in Europe |http://bloom.bg/13c91ed&nbsp;
:-D RT@jmguardia:pic.twitter.com/feV8Z8c6KE
What kind of leaders do we want to run our countries, institutions and businesses? via @EY_Performance http://goo.gl/XiYGf&nbsp; @evaeuropa
Getty Images wants to be the Amazon of digital content http://bit.ly/16ItFQs&nbsp; |forbes
@Lentejitas feliz viaje! Feliz nueva etapa!
RT@jeffmignon: Why LinkedIn is betting big on content marketing http://www.informationweek.in/software/13-07-02/why_linkedin_is_betting_big_on_content_marketing.aspx&nbsp;… via @giner
Algún día Madrid?RT@JavierSantiso:Why London has all the ingredients for a successful startup ecosystem http://venturebeat.com/2013/07/02/london-has-all-the-ingredients-for-a-successful-startup-ecosystem/#sJH4jxWIsvjGsKLK.99&nbsp;… via @aquilino
@MendiMendi1 pero chiste malo
RT@gezbrady: Despite the myth that all entrepreneurs are under 30,EIU report finds 2/3rds are over 50 http://on.ft.com/1a4zvgM&nbsp; @mendimendi1
RT@nickbilton: Disruptions: How Driverless Cars, Delivery Drones and Robots Will Reshape Cities:http://bits.blogs.nytimes.com/2013/07/07/disruptions-how-driverless-cars-could-reshape-cities&nbsp;…
Why is it so hard to create another Silicon Valley? http://bit.ly/16Zz99r&nbsp; | forbes
:-P RT@ruiztaboada: La gente que plagia, bastante tiene con necesitarlo
:-O RT@vicentelozano: Espaldarazo a Amazon: &quot;The New York Times finally comes to Kindle Fire&quot; http://ow.ly/mPOjs&nbsp; vía @shellypalmer
The original Apple computer sells for nearly $388,000 http://bit.ly/13B7oXT&nbsp; | forbes
Ole,ole y ole! RT@gomezdelpozuelo: Today, Womenalia opened in USA http://www.womenalia.com/us/&nbsp; cc @mgdelpozuelo
RT@carlosdomingo: Developer Hacks His Microwave Into The Microwave Of The Futurehttp://flip.it/oqBX1&nbsp;
&quot;Do Women Make Better Senators Than Men?&quot; http://bit.ly/18gFA9p&nbsp; via @TheAtlantic @evaeuropa
Will China Emerge as a World Leader? http://pinterest.com/pin/354588170632088655/&nbsp;… by @Lentejitas
Facebook and Google aren&#39;t as popular as you think when you&#39;re selling internationally http://bit.ly/1baIsJJ&nbsp; | forbes
@cristinagomezre @MichelaRomani telita, si
@MichelaRomani @cristinagomezre ;-)
RT@guardian_el_: Interesante artículo de la BBC: &quot;Why are artists removing their music from Spotify?&quot;http://www.bbc.com/culture/story/20130724-thom-yorke-v-spotify-the-facts&nbsp;…
Feliz santo, amigo! @nachosomalo :-)
RT@GINER: Se vende Newsweek a los editores del International Business Times. seguirá siendo &#39;100% digital&#39; http://capi.tl/14qVCzB&nbsp;
@MichelaRomani me encanta -por fín foto!- tu nuevo avatar ;-)
Era el miedo de algunos :-s RT@ForbesTech: Does the U.S. government now control the ebook industry?http://bit.ly/1cNYmYP&nbsp;
@juanma_lz looking forward ;-)
@juanma_lz :-D
RT@Lentejitas: To follow: &quot;China about to become world’s largest oil importer&quot; http://www.smartplanet.com/blog/bulletin/china-about-to-become-worlds-largest-oil-importer/26346?tag=nl.e660&amp;s_cid=e660&amp;ttag=e660&amp;ftag=TRE4eb29b5&nbsp;…
Delicioso: &quot;Martinis bajo las bombas&quot; http://mun.do/12fY3Bs&nbsp; by @DavidJimenezTW
RT@carlosdomingo: worth read about Marissa Mayer, how she ended up in Yahoo! and what is she doing to fix ithttp://read.bi/17WkEmT&nbsp;
@MendiMendi1 @carlomarti No, no vale todo. Completamente de acuerdo.
Amazing &quot;The 30 Most Beautiful Abandoned Places In The World&quot; via @marta_tweet http://shar.es/zlWJI&nbsp; @evaeuropa
RT@josemariagarcia: The best way Government can help entrepreneurs is reducing the fear of failurehttp://goo.gl/BLsBwa&nbsp;
@nachosomalo ;-P
The 5 must-have qualities of the modern employee: http://bit.ly/191071v&nbsp; | forbes
1993 vs. 2013: http://ow.ly/i/30irB&nbsp; via @jmguadia :-)
Hispanic and African American women are the fastest growing entrepreneurial segments in the US http://bit.ly/177tzzj&nbsp; | Forbes
@juanma_lz ostras! Temazo. Ya se echaba de menos tu big data, Juanma!
Incredible RT@BjornLomborg: More than half the world&#39;s population lives within this circle. https://www.facebook.com/photo.php?fbid=10151914558543968&amp;set=a.221758208967.168468.146605843967&amp;type=1&nbsp;…pic.twitter.com/Qq7HIIofZE
zzzzzz RT@PilarGGranja: Pero como me aburre el tema d #Gibraltar
RT@jmguardia: The 12 American Universities That Produce The Most CEOshttp://ow.ly/oEpVq&nbsp;
@cristinagomezre besoos gordos!
Yuyu RT@verge: Eric Schmidt calls NSA spying &quot;the nature of our society&quot; http://vrge.co/16qH80Z&nbsp; via @uriondo
@EricFrattini pues eso....imagínatelo
RT@Suanzes: Only 34% of economic doctorates in 2011 were handed out to women, the lowest in the social sciences.http://blogs.wsj.com/economics/2013/09/20/the-gender-gap-in-economics-and-why-it-matters/?mod=e2tw&nbsp;…
Aah es por eso! RT &quot;Average Spaniard sleeps 53 mins less than Europe average, affecting productivity&quot; http://www.neurope.eu/news/wire/feature-average-spaniard-sleeps-53-mins-less-europe-average-affecting-productivity&nbsp;… via @evaeuropa
Urge asignatura sobre privacidad.YA! Everything you&#39;ve shared on Facebook soon will be searchable by friends http://bit.ly/1fHP5Fy&nbsp; | forbes
Twitter reveals its long-awaited IPO plans http://bit.ly/1ca2X9f&nbsp; | forbes
a veces, es muy sano! RT@javifon A Scientific Guide to Effectively Saying Nohttp://bit.ly/178KfXu&nbsp;
Genial RT@TEDxCibeles: &quot;I don&#39;t know the the key of success, but the key to failure is trying to please everybody&quot; Bill Cosby
RT@Suanzes: Un must en Bloomberg BusinessWeek: “The Secrets of Bezos: How Amazon Became the Everything Store“ http://www.businessweek.com/printer/articles/158668-the-secrets-of-bezos-how-amazon-became-the-everything-store?src=longreads&amp;utm_source=buffer&amp;utm_campaign=Buffer&amp;utm_content=bufferb4eae&amp;utm_medium=twitter&nbsp;…
Is Twitter succeeding where Facebook failed? http://onforb.es/16FJ9ad&nbsp; | forbes
:-O &#39;Pokemon X and Y&#39; moves 4 million copies in two days http://bit.ly/1eogybg&nbsp; via @TheAlexKnapp
RT@WSJ: Google and Facebook enter into ad partnership:http://on.wsj.com/H28ZLV&nbsp;
@vicentelozano @DavidJimenezTW me da error al abrir link..... :-(
@cristinagomezre tienen una pinta estupenda!
Ole! RT@Cesar_Cabo: ¡Ya era hora!
Ryanair no podrá cobrar 40 euros por la tarjeta de embarque olvidadahttp://www.elmundo.es/economia/2013/10/24/5268efdd61fd3d4d768b456d.html&nbsp;…
@jpgimenezr @adigital_org habrá streaming?
RT@zseward: Amazon now employs 109,800 people, and hired 12,800 in the last three monthshttp://tnw.co/16yKTic&nbsp;
Indeed RT@Billy_Cox: &quot;If you have everything under control, you&#39;re not moving fast enough.&quot;- Mario Andretti
Trick or treat :-) RT@carlosjimeno: Pepsi se disfraza de Coca Cola en Halloweenpic.twitter.com/ljbBiIwa93
@adsuara @carlosjimeno ;-)
RT@GINER: Financial Times reaches highest circulation in its 125-year historyhttp://www.theguardian.com/media/greenslade/2013/oct/30/financialtimes-mediabusiness&nbsp;…
How LinkedIn hires top talent http://onforb.es/Hx742A&nbsp; | Forbes
@fjordmad shows how &#39;beauty&#39; can be one of  disrupting things, at same level as technology #EEC13
@fjord introduces new concepts as &quot;beautiful banking!&quot; as key transfotmation for many sectors #EEC13
@amuda realmente es Auténtico. Ole!  #EEC13
@awangstar shows how Republic Spaces helps with your short term retail needs #EEC13
RT@mberzosa: &#39;The World is Flat and Ecommerce Makes it Round&#39; - Vijay Talwar #EEC13pic.twitter.com/IoNDKjRHp1
@josemariagarcia te echamos de menos, Chema!
RT@canomanuel: Les différents formats publicitaires Twitter http://ow.ly/2Bj8Wo&nbsp; @WebmarketingCOM
TWITTER IPO HIGHLIGHTS: The value of a Twitter user, sell ratings already, and more http://onforb.es/HLcxD3&nbsp; | Forbes
RT@rlloret: Spain: 2nd country in Europe with the largest mobile audience (smartphones+tablets)after UK,says Comscorepic.twitter.com/Sn10FwSHgj
@juanma_lz too late...
Cómo vender en Internet si eres un emprendedor https://app.getsignals.com/link?url=http%3A%2F%2Febooks.ozongo.com%2Fcomo-vender-internet-si-eres-un-emprendedor&amp;ukey=agxzfnNpZ25hbHNjcnhyGAsSC1VzZXJQcm9maWxlGICAgIDJprUKDA&amp;k=d275919c-3931-4428-9a29-d93fd4dad4d0&nbsp;…
@bdominguez81 ;-)
hope not! RT@ForbesTech: In the age of social media, has conversation become a lost art?http://onforb.es/1b0lfUf&nbsp;
RT@evaeuropa: Ireland is Europe&#39;s most entrepreneurial country: Fact or fiction? http://www.finfacts.ie/irishfinancenews/article_1026880.shtml&nbsp;…
:-P RT@hanelly: &quot;All this technology is making us antisocial&quot;pic.twitter.com/Sc0YlJuF8D
RT@NewYorker: Why we&#39;re all so impatient for Black Friday: http://nyr.kr/1gj2Bfz&nbsp; via @lentejitas
@adsuara @SergioJValera :-D
RT@juanma_lz: @ordrespontane bien vu. Il faut toujours protéger les intérêts de l&#39;entreprise privée conte elle même ;)
@amanyez ;-)
RT@evaeuropa: &quot;EU has the potential to curb unchecked power&quot; A #mustread reflection, specially to anti-EU readers http://www.opendemocracy.net/can-europe-make-it/lammert-de-jong/reframing-europe-needs-bifocals&nbsp;…
RT@GINER: Why Apple would buy a company that analyzes Twitter data http://on.mktw.net/19h5uIV&nbsp; vía @MarketWatch
RT@paleofuture: 9 Fun Facts That Are Total Lies http://paleofuture.gizmodo.com/9-fun-facts-that-are-total-lies-1478595535&nbsp;…pic.twitter.com/4AP13JZMXx
How 3 Countries Lost Their Position As The World&#39;s Dominant Financial Power Over The Last 800 Years http://www.businessinsider.com/700-years-of-government-bond-yields-2013-12&nbsp;…  via @evaeuropa
RT@Suanzes: &quot;A South African’s guide to when it’s okay to call Mandela ‘Madiba’http://www.washingtonpost.com/blogs/worldviews/wp/2013/12/09/a-south-africans-guide-to-when-its-okay-to-call-nelson-mandela-madiba/&nbsp;…
@judimat :-)
No sólo de google analytics vive tu tienda online https://app.getsignals.com/link?url=http%3A%2F%2Fmarketing.increnta.com%2Fanalitica-web-tiendas-online&amp;ukey=agxzfnNpZ25hbHNjcnhyGAsSC1VzZXJQcm9maWxlGICAgIDJprUKDA&amp;k=a28e13a9-714b-464a-d5e4-8dd02cc938c6&nbsp;…
RT@StanfordBiz: What areas are CEOs getting coaching in?  http://stnfd.biz/rVNIt&nbsp; pic.twitter.com/utIycSnVfe via @Pedro_Maiquez
:-/ RT@Suanzes:#LecturasdeDomingo 5 Reasons Why2013 Was The Best Year In Human History http://thinkprogress.org/security/2013/12/11/3036671/2013-certainly-year-human-history/#&nbsp;… Porq,pese a todo,vamos a mejor
RT@Amazing_Maps: The varying minimum wage in different countries (Demonstrated through Big Macs!) pic.twitter.com/7cnGnItopX via @huyelobo
Ole!!!! RT@jlcasal: .@casildayjimena: ropa infantil a la antigua usanza http://kcy.me/wppe&nbsp; #Emprendedores
RT@zseward: Twitter&#39;s $40 billion market capitalization in perspective o_O http://qz.com/161691&nbsp; pic.twitter.com/gwXkLpZtmr via @amanyez
RT@mashable: 7 Questions to Ask Before Starting a Business in 2014  http://on.mash.to/1jC9Zb2&nbsp; via @Pedro_Maiquez
:-/ RT@demainlaveille: RT @Amazing_Maps: Pure alcohol consumption per person in Europe
- pic.twitter.com/meNt6X2Zv2 via @lentejitas
RT@NASA: What&#39;s the coldest place on Earth? It&#39;s in Antarctica &amp; it hit -93ºC in Aug 2010 http://go.nasa.gov/1dN8vDA&nbsp; pic.twitter.com/cAj7XoaBET
RT@HistoryInPix: The original Michelin Man, c. 1910. http://twitter.com/HistoryInPix/status/417365167211823104/photo/1pic.twitter.com/pe28Mm4fvL&nbsp;
RT@OscarFeito: Interesante carta abierta: &quot;Where Digital Marketing Must Go in 2014&quot; http://buff.ly/Jt4Wsx&nbsp;
@jmguardia zzzzzzzzzzzzz
Where the jobs will (and won&#39;t) be in 2014 http://onforb.es/1h7KXie&nbsp; | forbes
Y al revés? RT@Suanzes: 10 Things You Could Do in 1975 That You Can&#39;t Do Now http://www.economicpolicyjournal.com/2013/07/liberty-slipping-10-things-you-could-do.html&nbsp;…
RT@siliconbeat: Apple&#39;s famous &#39;1984&#39; commercial first aired 30 years agohttp://www.siliconbeat.com/2013/12/31/lets-celebrate-once-again-apples-most-famous-marketing-ploy/&nbsp;…
:-P RT@CesarTP: Igual no es el mejor nombre para los mercados hispanos: &quot;Robocoin, The Bitcoin ATM, Is Heading To Hong Kong And Taiwan&quot;
RT@Amazing_Maps: Where international migrants have gonepic.twitter.com/wK0GsRa1yy
RT@Joseluisferrero: Amazon announces that number of Prime members exceeds 20 million http://www.e-commercefacts.com/news/2014/01/amazon-prime-20mn-users/index.xml#.Us0wdJW3cWw.twitter&nbsp;…
:-P RT@Immaturbau: “@gsandleris: Exit before tweeting. Lindo cartel en las oficinas de Twitter en NY pic.twitter.com/F8qXeLDq3O” vía @lentejitas
RT@liberation_info: Livres : le Sénat adopte une mesure anti-Amazonhttp://bit.ly/KHPbQf&nbsp;
:-( RT@evaeuropa: Turkey: &quot;Ministers Will Be Able to Give Internet Censure Orders Directly” - Bianet via @duartelevyhttp://bianet.org/english/freedom-of-expression/152681-ministers-will-be-able-to-give-internet-censure-orders-directly&nbsp;…
Fli-pan-te!!!! Ole!! RT@albertoterol: Magnífica iniciativa de @lacoste imaginando el polo del futuro: http://www.lacoste-future.com/en/&nbsp;
@RogelioMenendez @albertoterol pues ni mates, ni idiomas, ni dialéctica ni retórica. Vamos mal, no? :-(
RT@briz_juan: Quien será dueño de lo que hago en mi casa?The Eye in Your Home: Google, Nest, Rise of Physical Graphhttp://mashable.com/2014/01/14/google-nest-physical-graph/#:eyJzIjoidCIsImkiOiJfaHZkYWM3Zmw1cm4xejl5bSJ9&nbsp;…
RT@briz_juan: Claves para periodistas y comunicadores: The Changing Relationship Between PR and Business Journalismhttp://www.ahbj.org/story/04042013-the-changing-relationship-between-pr-and-business-journalism/&nbsp;…
Será requisito, al tiempo RT@Lentejitas: A must for every XXI manager: speak Twitter fluently.
@uriondo ostras... me pasa lo mismo!
@Godivaciones ...Con walt Disney ;-)
@jmguardia :-D
Toma ya! RT@charlesjkenny: 70% of boys among the top 1% in income have worked for daddy&#39;s company http://www.businessweek.com/articles/2013-04-22/how-did-the-worlds-rich-get-that-way-luck&nbsp;… via @BW
Pues reir, claro :-S RT@juanma_lz: Reír o llorar RT @Le_Figaro: L&#39;Espagne réduit de deux ans sa cure d&#39;austérité http://bit.ly/12vbfBf&nbsp;
Románticos :-P RT@carlosdomingo: Using Google Nexus made me realize that Google+ still exists and some people actually seem to be using it
Mal d muchos..RT@juanma_lz:No sólo ocurre aquí RT @Independent_ie Huge cost of our&#39;lost generation&#39;forced to emigratehttp://tinyurl.com/cffqdnn&nbsp;
RT@albertcuesta:Resumiendo #io13:Google como Siri;Maps como Foursquare;PlayMusic como Nokia Music;Google+ como Pinterest;Hangouts como Skype
Jope, menos mal que se recuperaba... :-P RT@mariadelamiel: OLA NIKKEI K ASE, T KAES O K ASE
Yo pensaba que éramos nosotros, vaya! RT@evaeuropa: Germany is the most popular country in the world [BBC Poll]http://www.bbc.co.uk/news/world-europe-22624104&nbsp;…
qué pasote RT@SciencePorn: If Jupiter was as close to earth as the moon is,this is how it would look like pic.twitter.com/nCZQz3QS0y @miquelroig
flipante el artículo RT@Bill_Gross: Kodak employed 140,000 people. Instagram (when it sold to Facebook) only 13 http://bit.ly/186IPm3&nbsp;
RT@TonyW: Congratulations to Twitter&#39;s Team Espana in their 1st day in the Madrid office #ChicasAlPoder pic.twitter.com/7Vp0MhMg7Q via @Suanzes
RT@Bill_Gross: &quot;Twitter is the second screen for TV. TV is more fun with Twitter, so we are investing heavily in that.&quot; Dick Costolo at #D11
El valor de Twitter | http://ti.me/18wrmBh&nbsp; | Time
@jmguardia alaaaaaaaa, &quot;sagerao&quot; :-p
Pasote RT@hofrench: Chinese company to build new London financial district:http://ow.ly/lwHW0&nbsp;
RT@New_Europe: European entrepreneurs ask for net neutrality http://bit.ly/17VL2Bx&nbsp;
Très chouette RT@juanma_lz: ministra cultura francesa ataca d nuevo a Amazon. &quot;Ya no es modelo de negocio&quot;.Visionaria http://bit.ly/15I8myt&nbsp;
:-O RT@SciencePorn: Crazy world pic.twitter.com/8S1Dit3VOv via @miquelroig
No será x los disgustos q nos llevamos, no RT@MendiMendi1: Spain is officially healthiest country to live in Europehttp://shar.es/wlU6X&nbsp;
RT@inma_martinez: Countries seek entrepreneurs from Silicon Valley, via @nytimeshttp://nyti.ms/ZPJ8Pr&nbsp;
RT@nickbilton: “If you want to keep a secret, you must also hide it from yourself.” ― George Orwell, 1984
Sólo América? :-( RT@jmguardia: Is America 2013 More Like Orwell&#39;s &quot;1984,&quot; or Huxley&#39;s &quot;Brave New World?&quot; http://ow.ly/i/2k0xR&nbsp;
RT@FGoria: The best LOL ever about Prism (via @gianlucatdc) pic.twitter.com/3CfZOjaiiN via @jmguardia
RT@ejoana: Un buen Resumen de #InspirationDay en 20 tweets http://ow.ly/m24Ze&nbsp; by @Unience
RT@CabreraAngel Why I think Spain should open its doors to foreign talent because of its unemployment http://president.gmu.edu/2013/06/innovation-and-entrepreneurship-in-spain-yo-creo-en-un-mundo-mejor&nbsp;… @vicentelozano
@juanma_lz :-D
RT@Forbes: Tweet becomes an official word in the latest Oxford English Dictionary updatehttp://bit.ly/19htexV&nbsp;
Mmmmm RT@vicentelozano: Las 10 ‘burger’ imprescindibles  http://www.gastroeconomy.com/2011/10/la-lista-de-las-10-%e2%80%98burger%e2%80%99-imprescindibles/&nbsp;… @gastroeconomy Por si interesa
Silicon Valley venture capital firms say they welcome more women--if only they could find some http://bit.ly/19rQObk&nbsp; | Forbes
@_Peich buenaaaaaaaas!
@_Peich ;-)
Mola! RT@Bill_Gross: This is super cool. On 1 map, you can see ALL the planes in the air RIGHT now, in real timehttp://j.mp/14J7pGy&nbsp;
@NachodePinedo enhorabuena, Nacho!
:-) RT@BloombergNews: Nestle to start program to help find jobs, traineeships for 20,000 young people in Europe |http://bloom.bg/13c91ed&nbsp;
:-D RT@jmguardia:pic.twitter.com/feV8Z8c6KE
What kind of leaders do we want to run our countries, institutions and businesses? via @EY_Performance http://goo.gl/XiYGf&nbsp; @evaeuropa
Getty Images wants to be the Amazon of digital content http://bit.ly/16ItFQs&nbsp; |forbes
@Lentejitas feliz viaje! Feliz nueva etapa!
RT@jeffmignon: Why LinkedIn is betting big on content marketing http://www.informationweek.in/software/13-07-02/why_linkedin_is_betting_big_on_content_marketing.aspx&nbsp;… via @giner
Algún día Madrid?RT@JavierSantiso:Why London has all the ingredients for a successful startup ecosystem http://venturebeat.com/2013/07/02/london-has-all-the-ingredients-for-a-successful-startup-ecosystem/#sJH4jxWIsvjGsKLK.99&nbsp;… via @aquilino
@MendiMendi1 pero chiste malo
RT@gezbrady: Despite the myth that all entrepreneurs are under 30,EIU report finds 2/3rds are over 50 http://on.ft.com/1a4zvgM&nbsp; @mendimendi1
RT@nickbilton: Disruptions: How Driverless Cars, Delivery Drones and Robots Will Reshape Cities:http://bits.blogs.nytimes.com/2013/07/07/disruptions-how-driverless-cars-could-reshape-cities&nbsp;…
Why is it so hard to create another Silicon Valley? http://bit.ly/16Zz99r&nbsp; | forbes
:-P RT@ruiztaboada: La gente que plagia, bastante tiene con necesitarlo
:-O RT@vicentelozano: Espaldarazo a Amazon: &quot;The New York Times finally comes to Kindle Fire&quot; http://ow.ly/mPOjs&nbsp; vía @shellypalmer
The original Apple computer sells for nearly $388,000 http://bit.ly/13B7oXT&nbsp; | forbes
Ole,ole y ole! RT@gomezdelpozuelo: Today, Womenalia opened in USA http://www.womenalia.com/us/&nbsp; cc @mgdelpozuelo
RT@carlosdomingo: Developer Hacks His Microwave Into The Microwave Of The Futurehttp://flip.it/oqBX1&nbsp;
&quot;Do Women Make Better Senators Than Men?&quot; http://bit.ly/18gFA9p&nbsp; via @TheAtlantic @evaeuropa
Will China Emerge as a World Leader? http://pinterest.com/pin/354588170632088655/&nbsp;… by @Lentejitas
Facebook and Google aren&#39;t as popular as you think when you&#39;re selling internationally http://bit.ly/1baIsJJ&nbsp; | forbes
@cristinagomezre @MichelaRomani telita, si
@MichelaRomani @cristinagomezre ;-)
RT@guardian_el_: Interesante artículo de la BBC: &quot;Why are artists removing their music from Spotify?&quot;http://www.bbc.com/culture/story/20130724-thom-yorke-v-spotify-the-facts&nbsp;…
Feliz santo, amigo! @nachosomalo :-)
RT@GINER: Se vende Newsweek a los editores del International Business Times. seguirá siendo &#39;100% digital&#39; http://capi.tl/14qVCzB&nbsp;
@MichelaRomani me encanta -por fín foto!- tu nuevo avatar ;-)
Era el miedo de algunos :-s RT@ForbesTech: Does the U.S. government now control the ebook industry?http://bit.ly/1cNYmYP&nbsp;
@juanma_lz looking forward ;-)
@juanma_lz :-D
RT@Lentejitas: To follow: &quot;China about to become world’s largest oil importer&quot; http://www.smartplanet.com/blog/bulletin/china-about-to-become-worlds-largest-oil-importer/26346?tag=nl.e660&amp;s_cid=e660&amp;ttag=e660&amp;ftag=TRE4eb29b5&nbsp;…
Delicioso: &quot;Martinis bajo las bombas&quot; http://mun.do/12fY3Bs&nbsp; by @DavidJimenezTW
RT@carlosdomingo: worth read about Marissa Mayer, how she ended up in Yahoo! and what is she doing to fix ithttp://read.bi/17WkEmT&nbsp;
@MendiMendi1 @carlomarti No, no vale todo. Completamente de acuerdo.
Amazing &quot;The 30 Most Beautiful Abandoned Places In The World&quot; via @marta_tweet http://shar.es/zlWJI&nbsp; @evaeuropa
RT@josemariagarcia: The best way Government can help entrepreneurs is reducing the fear of failurehttp://goo.gl/BLsBwa&nbsp;
@nachosomalo ;-P
The 5 must-have qualities of the modern employee: http://bit.ly/191071v&nbsp; | forbes
1993 vs. 2013: http://ow.ly/i/30irB&nbsp; via @jmguadia :-)
Hispanic and African American women are the fastest growing entrepreneurial segments in the US http://bit.ly/177tzzj&nbsp; | Forbes
@juanma_lz ostras! Temazo. Ya se echaba de menos tu big data, Juanma!
Incredible RT@BjornLomborg: More than half the world&#39;s population lives within this circle. https://www.facebook.com/photo.php?fbid=10151914558543968&amp;set=a.221758208967.168468.146605843967&amp;type=1&nbsp;…pic.twitter.com/Qq7HIIofZE
zzzzzz RT@PilarGGranja: Pero como me aburre el tema d #Gibraltar
RT@jmguardia: The 12 American Universities That Produce The Most CEOshttp://ow.ly/oEpVq&nbsp;
@cristinagomezre besoos gordos!
Yuyu RT@verge: Eric Schmidt calls NSA spying &quot;the nature of our society&quot; http://vrge.co/16qH80Z&nbsp; via @uriondo
@EricFrattini pues eso....imagínatelo
RT@Suanzes: Only 34% of economic doctorates in 2011 were handed out to women, the lowest in the social sciences.http://blogs.wsj.com/economics/2013/09/20/the-gender-gap-in-economics-and-why-it-matters/?mod=e2tw&nbsp;…
Aah es por eso! RT &quot;Average Spaniard sleeps 53 mins less than Europe average, affecting productivity&quot; http://www.neurope.eu/news/wire/feature-average-spaniard-sleeps-53-mins-less-europe-average-affecting-productivity&nbsp;… via @evaeuropa
Urge asignatura sobre privacidad.YA! Everything you&#39;ve shared on Facebook soon will be searchable by friends http://bit.ly/1fHP5Fy&nbsp; | forbes
Twitter reveals its long-awaited IPO plans http://bit.ly/1ca2X9f&nbsp; | forbes
a veces, es muy sano! RT@javifon A Scientific Guide to Effectively Saying Nohttp://bit.ly/178KfXu&nbsp;
Genial RT@TEDxCibeles: &quot;I don&#39;t know the the key of success, but the key to failure is trying to please everybody&quot; Bill Cosby
RT@Suanzes: Un must en Bloomberg BusinessWeek: “The Secrets of Bezos: How Amazon Became the Everything Store“ http://www.businessweek.com/printer/articles/158668-the-secrets-of-bezos-how-amazon-became-the-everything-store?src=longreads&amp;utm_source=buffer&amp;utm_campaign=Buffer&amp;utm_content=bufferb4eae&amp;utm_medium=twitter&nbsp;…
Is Twitter succeeding where Facebook failed? http://onforb.es/16FJ9ad&nbsp; | forbes
:-O &#39;Pokemon X and Y&#39; moves 4 million copies in two days http://bit.ly/1eogybg&nbsp; via @TheAlexKnapp
RT@WSJ: Google and Facebook enter into ad partnership:http://on.wsj.com/H28ZLV&nbsp;
@vicentelozano @DavidJimenezTW me da error al abrir link..... :-(
@cristinagomezre tienen una pinta estupenda!
Ole! RT@Cesar_Cabo: ¡Ya era hora!
Ryanair no podrá cobrar 40 euros por la tarjeta de embarque olvidadahttp://www.elmundo.es/economia/2013/10/24/5268efdd61fd3d4d768b456d.html&nbsp;…
@jpgimenezr @adigital_org habrá streaming?
RT@zseward: Amazon now employs 109,800 people, and hired 12,800 in the last three monthshttp://tnw.co/16yKTic&nbsp;
Indeed RT@Billy_Cox: &quot;If you have everything under control, you&#39;re not moving fast enough.&quot;- Mario Andretti
Trick or treat :-) RT@carlosjimeno: Pepsi se disfraza de Coca Cola en Halloweenpic.twitter.com/ljbBiIwa93
@adsuara @carlosjimeno ;-)
RT@GINER: Financial Times reaches highest circulation in its 125-year historyhttp://www.theguardian.com/media/greenslade/2013/oct/30/financialtimes-mediabusiness&nbsp;…
How LinkedIn hires top talent http://onforb.es/Hx742A&nbsp; | Forbes
@fjordmad shows how &#39;beauty&#39; can be one of  disrupting things, at same level as technology #EEC13
@fjord introduces new concepts as &quot;beautiful banking!&quot; as key transfotmation for many sectors #EEC13
@amuda realmente es Auténtico. Ole!  #EEC13
@awangstar shows how Republic Spaces helps with your short term retail needs #EEC13
RT@mberzosa: &#39;The World is Flat and Ecommerce Makes it Round&#39; - Vijay Talwar #EEC13pic.twitter.com/IoNDKjRHp1
@josemariagarcia te echamos de menos, Chema!
RT@canomanuel: Les différents formats publicitaires Twitter http://ow.ly/2Bj8Wo&nbsp; @WebmarketingCOM
TWITTER IPO HIGHLIGHTS: The value of a Twitter user, sell ratings already, and more http://onforb.es/HLcxD3&nbsp; | Forbes
RT@rlloret: Spain: 2nd country in Europe with the largest mobile audience (smartphones+tablets)after UK,says Comscorepic.twitter.com/Sn10FwSHgj
@juanma_lz too late...
Cómo vender en Internet si eres un emprendedor https://app.getsignals.com/link?url=http%3A%2F%2Febooks.ozongo.com%2Fcomo-vender-internet-si-eres-un-emprendedor&amp;ukey=agxzfnNpZ25hbHNjcnhyGAsSC1VzZXJQcm9maWxlGICAgIDJprUKDA&amp;k=d275919c-3931-4428-9a29-d93fd4dad4d0&nbsp;…
@bdominguez81 ;-)
hope not! RT@ForbesTech: In the age of social media, has conversation become a lost art?http://onforb.es/1b0lfUf&nbsp;
RT@evaeuropa: Ireland is Europe&#39;s most entrepreneurial country: Fact or fiction? http://www.finfacts.ie/irishfinancenews/article_1026880.shtml&nbsp;…
:-P RT@hanelly: &quot;All this technology is making us antisocial&quot;pic.twitter.com/Sc0YlJuF8D
RT@NewYorker: Why we&#39;re all so impatient for Black Friday: http://nyr.kr/1gj2Bfz&nbsp; via @lentejitas
@adsuara @SergioJValera :-D
RT@juanma_lz: @ordrespontane bien vu. Il faut toujours protéger les intérêts de l&#39;entreprise privée conte elle même ;)
@amanyez ;-)
RT@evaeuropa: &quot;EU has the potential to curb unchecked power&quot; A #mustread reflection, specially to anti-EU readers http://www.opendemocracy.net/can-europe-make-it/lammert-de-jong/reframing-europe-needs-bifocals&nbsp;…
RT@GINER: Why Apple would buy a company that analyzes Twitter data http://on.mktw.net/19h5uIV&nbsp; vía @MarketWatch
RT@paleofuture: 9 Fun Facts That Are Total Lies http://paleofuture.gizmodo.com/9-fun-facts-that-are-total-lies-1478595535&nbsp;…pic.twitter.com/4AP13JZMXx
How 3 Countries Lost Their Position As The World&#39;s Dominant Financial Power Over The Last 800 Years http://www.businessinsider.com/700-years-of-government-bond-yields-2013-12&nbsp;…  via @evaeuropa
RT@Suanzes: &quot;A South African’s guide to when it’s okay to call Mandela ‘Madiba’http://www.washingtonpost.com/blogs/worldviews/wp/2013/12/09/a-south-africans-guide-to-when-its-okay-to-call-nelson-mandela-madiba/&nbsp;…
@judimat :-)
No sólo de google analytics vive tu tienda online https://app.getsignals.com/link?url=http%3A%2F%2Fmarketing.increnta.com%2Fanalitica-web-tiendas-online&amp;ukey=agxzfnNpZ25hbHNjcnhyGAsSC1VzZXJQcm9maWxlGICAgIDJprUKDA&amp;k=a28e13a9-714b-464a-d5e4-8dd02cc938c6&nbsp;…
RT@StanfordBiz: What areas are CEOs getting coaching in?  http://stnfd.biz/rVNIt&nbsp; pic.twitter.com/utIycSnVfe via @Pedro_Maiquez
:-/ RT@Suanzes:#LecturasdeDomingo 5 Reasons Why2013 Was The Best Year In Human History http://thinkprogress.org/security/2013/12/11/3036671/2013-certainly-year-human-history/#&nbsp;… Porq,pese a todo,vamos a mejor
RT@Amazing_Maps: The varying minimum wage in different countries (Demonstrated through Big Macs!) pic.twitter.com/7cnGnItopX via @huyelobo
Ole!!!! RT@jlcasal: .@casildayjimena: ropa infantil a la antigua usanza http://kcy.me/wppe&nbsp; #Emprendedores
RT@zseward: Twitter&#39;s $40 billion market capitalization in perspective o_O http://qz.com/161691&nbsp; pic.twitter.com/gwXkLpZtmr via @amanyez
RT@mashable: 7 Questions to Ask Before Starting a Business in 2014  http://on.mash.to/1jC9Zb2&nbsp; via @Pedro_Maiquez
:-/ RT@demainlaveille: RT @Amazing_Maps: Pure alcohol consumption per person in Europe
- pic.twitter.com/meNt6X2Zv2 via @lentejitas
RT@NASA: What&#39;s the coldest place on Earth? It&#39;s in Antarctica &amp; it hit -93ºC in Aug 2010 http://go.nasa.gov/1dN8vDA&nbsp; pic.twitter.com/cAj7XoaBET
RT@HistoryInPix: The original Michelin Man, c. 1910. http://twitter.com/HistoryInPix/status/417365167211823104/photo/1pic.twitter.com/pe28Mm4fvL&nbsp;
RT@OscarFeito: Interesante carta abierta: &quot;Where Digital Marketing Must Go in 2014&quot; http://buff.ly/Jt4Wsx&nbsp;
@jmguardia zzzzzzzzzzzzz
Where the jobs will (and won&#39;t) be in 2014 http://onforb.es/1h7KXie&nbsp; | forbes
Y al revés? RT@Suanzes: 10 Things You Could Do in 1975 That You Can&#39;t Do Now http://www.economicpolicyjournal.com/2013/07/liberty-slipping-10-things-you-could-do.html&nbsp;…
RT@siliconbeat: Apple&#39;s famous &#39;1984&#39; commercial first aired 30 years agohttp://www.siliconbeat.com/2013/12/31/lets-celebrate-once-again-apples-most-famous-marketing-ploy/&nbsp;…
:-P RT@CesarTP: Igual no es el mejor nombre para los mercados hispanos: &quot;Robocoin, The Bitcoin ATM, Is Heading To Hong Kong And Taiwan&quot;
RT@Amazing_Maps: Where international migrants have gonepic.twitter.com/wK0GsRa1yy
RT@Joseluisferrero: Amazon announces that number of Prime members exceeds 20 million http://www.e-commercefacts.com/news/2014/01/amazon-prime-20mn-users/index.xml#.Us0wdJW3cWw.twitter&nbsp;…
:-P RT@Immaturbau: “@gsandleris: Exit before tweeting. Lindo cartel en las oficinas de Twitter en NY pic.twitter.com/F8qXeLDq3O” vía @lentejitas
RT@liberation_info: Livres : le Sénat adopte une mesure anti-Amazonhttp://bit.ly/KHPbQf&nbsp;
:-( RT@evaeuropa: Turkey: &quot;Ministers Will Be Able to Give Internet Censure Orders Directly” - Bianet via @duartelevyhttp://bianet.org/english/freedom-of-expression/152681-ministers-will-be-able-to-give-internet-censure-orders-directly&nbsp;…
Fli-pan-te!!!! Ole!! RT@albertoterol: Magnífica iniciativa de @lacoste imaginando el polo del futuro: http://www.lacoste-future.com/en/&nbsp;
@RogelioMenendez @albertoterol pues ni mates, ni idiomas, ni dialéctica ni retórica. Vamos mal, no? :-(
RT@briz_juan: Quien será dueño de lo que hago en mi casa?The Eye in Your Home: Google, Nest, Rise of Physical Graphhttp://mashable.com/2014/01/14/google-nest-physical-graph/#:eyJzIjoidCIsImkiOiJfaHZkYWM3Zmw1cm4xejl5bSJ9&nbsp;…
RT@briz_juan: Claves para periodistas y comunicadores: The Changing Relationship Between PR and Business Journalismhttp://www.ahbj.org/story/04042013-the-changing-relationship-between-pr-and-business-journalism/&nbsp;…
